// Jest Snapshot v1, https://goo.gl/fbAQLP

exports[`ProductImage debe de mostrar el componente con la img del producto 1`] = `
<div
  className="productCard undefined"
>
  <img
    className="productImg undefined"
    src="./coffee-mug.png"
  />
</div>
`;

exports[`ProductImage debe de mostrar el componente correctamente con la img personalizada 1`] = `
<img
  className="productImg custom-class"
  src="./coffee-mug.png"
/>
`;
